kikumotokyoukonoMacBook-Pro:git_tutorial kyoko$ cd /Users/kyoko/Downloads
kikumotokyoukonoMacBook-Pro:Downloads kyoko$ mkdir git_challenge
kikumotokyoukonoMacBook-Pro:Downloads kyoko$ git init
Initialized empty Git repository in /Users/kyoko/Downloads/.git/
kikumotokyoukonoMacBook-Pro:Downloads kyoko$ cd git_challenge
kikumotokyoukonoMacBook-Pro:git_challenge kyoko$ git init
Initialized empty Git repository in /Users/kyoko/Downloads/git_challenge/.git/
kikumotokyoukonoMacBook-Pro:git_challenge kyoko$ git add hello_world.txt
kikumotokyoukonoMacBook-Pro:git_challenge kyoko$ git commit -m "hello_world.txtを追加"
[main (root-commit) 3aae50e] hello_world.txtを追加
 1 file changed, 1 insertion(+)
 create mode 100644 hello_world.txt
kikumotokyoukonoMacBook-Pro:git_challenge kyoko$ git add hello_world.txt
kikumotokyoukonoMacBook-Pro:git_challenge kyoko$ git commit -m "日本語訳を追記"
[main 5c1c549] 日本語訳を追記
 1 file changed, 2 insertions(+), 1 deletion(-)
kikumotokyoukonoMacBook-Pro:git_challenge kyoko$ git diff
kikumotokyoukonoMacBook-Pro:git_challenge kyoko$ git diff --staged
kikumotokyoukonoMacBook-Pro:git_challenge kyoko$ git log
commit 5c1c549dad73a431371dbd1d99dcb847edfce7b5 (HEAD -> main)
Author: kyokos0917 <kyokos0917@gmail.com>
Date:   Wed Sep 20 09:12:50 2023 +0900

    日本語訳を追記

commit 3aae50e2f6332cc22bdc6e9fa6cf6b91092ba7b3
Author: kyokos0917 <kyokos0917@gmail.com>
Date:   Wed Sep 20 09:11:28 2023 +0900

    hello_world.txtを追加
kikumotokyoukonoMacBook-Pro:git_challenge kyoko$ git log --oneline
5c1c549 (HEAD -> main) 日本語訳を追記
3aae50e hello_world.txtを追加
kikumotokyoukonoMacBook-Pro:git_challenge kyoko$ 